[localhost/wordpress/wp-content/uploads/2023/11/enhanced_usa.png]
[backblue.gif]
[fade.gif]
[index.html]
[localhost/wordpress/feed/index.html]
[localhost/wordpress/comments/feed/index.html]
[localhost/wordpress/wp-json/index.html]
[localhost/wordpress/wp-json/wp/v2/pages/4.json]
[localhost/wordpress/xmlrpc0db0.php]
[localhost/wordpress/wp-json/oembed/1.0/embed68f4.json]
[localhost/wordpress/wp-json/oembed/1.0/embedd248]
[localhost/wordpress/wp-content/uploads/2017/05/bg.png]
[localhost/wordpress/wp-content/uploads/2023/11/Enhanced_smile.png]
[localhost/wordpress/wp-content/uploads/2017/05/web_design_icon.png]
[localhost/wordpress/wp-content/uploads/2017/05/creativity_icon.png]
[localhost/wordpress/wp-content/uploads/2017/05/photography_icon.png]
[localhost/wordpress/wp-content/uploads/2017/05/advetising_icon.png]
[localhost/wordpress/wp-content/uploads/2023/11/ShareFy-1-e1700965840997.jpg]
[localhost/wordpress/wp-content/uploads/2023/11/Guess-word-e1700966074390.jpg]
[localhost/wordpress/wp-content/uploads/2023/11/Foodgram-1-e1701022208200.png]
[localhost/wordpress/wp-content/uploads/2023/11/photo_2023-11-26-02.50.11-1-e1700963591165.jpg]
[localhost/wordpress/index.html]
[localhost/wordpress/xmlrpc.php]
[localhost/wordpress/wp-includes/css/dist/block-library/style.minaec2.css]
[localhost/wordpress/wp-content/themes/unique/styleaec2.css]
[localhost/wordpress/wp-content/themes/unique-child/stylef269.css]
[localhost/wordpress/wp-content/plugins/unyson/framework/extensions/builder/static/css/frontend-gridd115.css]
[localhost/wordpress/wp-content/plugins/unyson/framework/extensions/forms/static/css/frontendbe4c.css]
[localhost/wordpress/wp-content/plugins/unyson/framework/static/libs/font-awesome/css/font-awesome.minbe4c.css]
[localhost/wordpress/wp-content/themes/unique/css/bootstrap.min7433.css]
[localhost/wordpress/wp-content/themes/unique/css/normalize5152.css]
[localhost/wordpress/wp-content/themes/unique/css/owl.carouseld5f7.css]
[localhost/wordpress/wp-content/themes/unique/css/jquery.mCustomScrollbar.mina9d5.css]
[localhost/wordpress/wp-content/themes/unique/css/transition-animations5152.css]
[localhost/wordpress/wp-content/themes/unique/css/animate5152.css]
[localhost/wordpress/wp-content/themes/unique/css/magnific-popupf488.css]
[localhost/wordpress/wp-content/themes/unique/css/pe-icon-7-stroke/css/pe-icon-7-stroke5152.css]
[localhost/wordpress/wp-content/themes/unique/css/main61da.css]
[localhost/wordpress/wp-content/themes/unique/css/customization61da.css]
[localhost/wordpress/wp-includes/css/dashicons.minaec2.css]
[localhost/wordpress/wp-content/plugins/unyson/framework/static/libs/linecons/css/lineconsbe4c.css]
[localhost/wordpress/wp-content/plugins/unyson/framework/static/libs/entypo/css/entypobe4c.css]
[localhost/wordpress/wp-content/plugins/unyson/framework/static/libs/lnr/css/lnrbe4c.css]
[localhost/wordpress/wp-content/plugins/unyson/framework/static/libs/typcn/css/typcnbe4c.css]
[localhost/wordpress/wp-content/plugins/unyson/framework/static/libs/unycon/unyconbe4c.css]
[localhost/wordpress/wp-content/themes/unique/css/pe-icon-7-stroke/css/pe-icon-7-strokebe4c.css]
[localhost/wordpress/wp-includes/js/jquery/jquery.minf43b.js]
[localhost/wordpress/wp-includes/js/jquery/jquery-migrate.min5589.js]
[localhost/wordpress/wp-content/themes/unique/js/modernizr.customf7ff.js]
[localhost/wordpress/wp-content/plugins/unyson/framework/extensions/shortcodes/shortcodes/section/static/css/backgroundaec2.css]
[localhost/wordpress/wp-content/plugins/unyson/framework/extensions/shortcodes/shortcodes/section/static/css/stylesaec2.css]
[localhost/wordpress/wp-content/plugins/unyson/framework/extensions/shortcodes/shortcodes/divider/static/css/stylesaec2.css]
[localhost/wordpress/wp-content/plugins/unique-portfolio/extensions/portfolio/static/js/unique-portfolio-load-moreaec2.js]
[localhost/wordpress/wp-content/themes/unique/js/owl.carousel.mind5f7.js]
[localhost/wordpress/wp-content/themes/unique/js/validator5152.js]
[localhost/wordpress/wp-includes/js/imagesloaded.minbb93.js]
[localhost/wordpress/wp-content/themes/unique/js/jquery.shuffle.minb12b.js]
[localhost/wordpress/wp-includes/js/masonry.min3a05.js]
[localhost/wordpress/wp-content/themes/unique/js/jquery.mCustomScrollbar.concat.mina9d5.js]
[localhost/wordpress/wp-content/themes/unique/js/jquery.hoverdirf488.js]
[localhost/wordpress/wp-content/themes/unique/js/jquery.magnific-popup.minf488.js]
[localhost/wordpress/wp-content/themes/unique/js/pages-switcher61da.js]
[localhost/wordpress/wp-content/themes/unique/js/main61da.js]
[localhost/wordpress/wp-admin/admin-ajax.html]
[localhost/wordpress/wp-content/plugins/unyson/framework/extensions/shortcodes/shortcodes/section/static/js/coreaec2.js]
[localhost/wordpress/wp-content/plugins/unyson/framework/extensions/shortcodes/shortcodes/section/static/js/transitionaec2.js]
[localhost/wordpress/wp-content/plugins/unyson/framework/extensions/shortcodes/shortcodes/section/static/js/backgroundaec2.js]
[localhost/wordpress/wp-content/plugins/unyson/framework/extensions/shortcodes/shortcodes/section/static/js/background.initaec2.js]
[localhost/wordpress/wp-content/themes/unique/framework-customizations/extensions/shortcodes/shortcodes/column/static/js/scriptsaec2.js]
[localhost/wordpress/wp-content/plugins/unique-shortcodes/extensions/unique-shortcodes/shortcodes/skills/static/js/scriptsaec2.js]
[localhost/wordpress/wp-content/themes/unique/framework-customizations/extensions/shortcodes/shortcodes/button/static/js/scriptsaec2.js]
[localhost/wordpress/wp-content/plugins/unyson/framework/static/libs/font-awesome/fonts/fontawesome-webfont3e6e.html]
[localhost/wordpress/wp-content/plugins/unyson/framework/static/libs/font-awesome/fonts/fontawesome-webfontd41d.html]
[localhost/wordpress/wp-content/plugins/unyson/framework/static/libs/font-awesome/fonts/fontawesome-webfont3e6e-2.html]
[localhost/wordpress/wp-content/plugins/unyson/framework/static/libs/font-awesome/fonts/fontawesome-webfont3e6e-3.html]
[localhost/wordpress/wp-content/plugins/unyson/framework/static/libs/font-awesome/fonts/fontawesome-webfont3e6e-4.html]
[localhost/wordpress/wp-content/plugins/unyson/framework/static/libs/font-awesome/fonts/fontawesome-webfont3e6e.svg]
[localhost/wordpress/wp-content/themes/unique/fonts/glyphicons-halflings-regular.html]
[localhost/wordpress/wp-content/themes/unique/fonts/glyphicons-halflings-regulard41d.html]
[localhost/wordpress/wp-content/themes/unique/fonts/glyphicons-halflings-regular-2.html]
[localhost/wordpress/wp-content/themes/unique/fonts/glyphicons-halflings-regular-3.html]
[localhost/wordpress/wp-content/themes/unique/fonts/glyphicons-halflings-regular-4.html]
[localhost/wordpress/wp-content/themes/unique/fonts/glyphicons-halflings-regular-5.html]
[localhost/wordpress/wp-content/themes/unique/css/owl.video.play.html]
[localhost/wordpress/wp-content/themes/unique/css/mCSB_buttons.html]
[localhost/wordpress/wp-content/themes/unique/css/pe-icon-7-stroke/fonts/Pe-icon-7-strokebb1d.html]
[localhost/wordpress/wp-content/themes/unique/css/pe-icon-7-stroke/fonts/Pe-icon-7-stroked41d.html]
[localhost/wordpress/wp-content/themes/unique/css/pe-icon-7-stroke/fonts/Pe-icon-7-strokebb1d-2.html]
[localhost/wordpress/wp-content/themes/unique/css/pe-icon-7-stroke/fonts/Pe-icon-7-strokebb1d-3.html]
[localhost/wordpress/wp-content/themes/unique/css/pe-icon-7-stroke/fonts/Pe-icon-7-strokebb1d.svg]
[localhost/wordpress/wp-content/themes/unique/images/pattern-light.svg]
[localhost/wordpress/wp-includes/fonts/dashicons7d4b.html]
[localhost/wordpress/wp-includes/fonts/dashicons7d4b-2.html]
[localhost/wordpress/wp-content/plugins/unyson/framework/static/libs/linecons/fonts/linecons.html]
[localhost/wordpress/wp-content/plugins/unyson/framework/static/libs/entypo/fonts/entypo.html]
[localhost/wordpress/wp-content/plugins/unyson/framework/static/libs/entypo/fonts/entypod41d.html]
[localhost/wordpress/wp-content/plugins/unyson/framework/static/libs/entypo/fonts/entypo-2.html]
[localhost/wordpress/wp-content/plugins/unyson/framework/static/libs/entypo/fonts/entypo-3.html]
[localhost/wordpress/wp-content/plugins/unyson/framework/static/libs/entypo/fonts/entypo.svg]
[localhost/wordpress/wp-content/plugins/unyson/framework/static/libs/typcn/fonts/typicons.html]
[localhost/wordpress/wp-content/plugins/unyson/framework/static/libs/typcn/fonts/typiconsd41d.html]
[localhost/wordpress/wp-content/plugins/unyson/framework/static/libs/typcn/fonts/typicons-2.html]
[localhost/wordpress/wp-content/plugins/unyson/framework/static/libs/typcn/fonts/typicons-3.html]
[localhost/wordpress/wp-content/plugins/unyson/framework/static/libs/typcn/fonts/typicons.svg]
[localhost/wordpress/wp-content/plugins/unyson/framework/static/libs/unycon/fonts/Unyconfda5.html]
[localhost/wordpress/wp-content/plugins/unyson/framework/static/libs/unycon/fonts/Unycond41d.html]
[localhost/wordpress/wp-content/plugins/unyson/framework/static/libs/unycon/fonts/Unyconfda5-2.html]
[localhost/wordpress/wp-content/plugins/unyson/framework/static/libs/unycon/fonts/Unyconfda5-3.html]
[localhost/wordpress/wp-content/plugins/unyson/framework/static/libs/unycon/fonts/Unyconfda5.svg]
[localhost/wordpress/Shuffle.html]
[localhost/wordpress/cdnjs.cloudflare.com/ajax/libs/jquery-mousewheel/3.1.13/jquery.mousewheel.min.html]
[localhost/wordpress/youtube.com/embed/index.html]
[localhost/wordpress/vimeo.com/video/index.html]
